Connecting to MongoDB...
Warning: TT: undefined function: 32
Fetching a document...
Testing with document: c3ba9362-ee7c-4500-bfba-5fd720dd8feb.pdf https://res.cloudinary.com/drh9vpgsp/raw/upload/v1774378876/cp3cw83l1ob6t5ksfzno
Downloading PDF...
Extracting text from PDF Buffer in Memory...
Extracted text length: 1875     Tower of Hanoi  What Is It?  Tower of Hanoi is a classic puzzle used to teach recursion. You hav
Generating AI Flashcards...
AI Result length (flashcards): 2
Success! Clean exiting.
